
===== 2026-09-26 07:16:45 =====
W0926 07:16:54.947000 681 torch/utils/_pytree.py:630] <enum 'KernelPreference'> is an Enum subclass and is now natively supported by torch.compile as an opaque value type. Calling register_constant() on Enum subclasses is deprecated and will be an error in a future release.
W0926 07:16:54.988000 681 torch/utils/_pytree.py:630] <enum 'ScaleCalculationMode'> is an Enum subclass and is now natively supported by torch.compile as an opaque value type. Calling register_constant() on Enum subclasses is deprecated and will be an error in a future release.
Warning: You are sending unauthenticated requests to the HF Hub. Please set a HF_TOKEN to enable higher rate limits and faster downloads.

Loading weights:   0%|          | 0/338 [00:00<?, ?it/s]
Loading weights: 100%|██████████| 338/338 [00:01<00:00, 213.96it/s]

Tokenizing train dataset:   0%|          | 0/48 [00:00<?, ? examples/s]
Tokenizing train dataset: 100%|██████████| 48/48 [00:00<00:00, 717.75 examples/s]

Building labels for train dataset:   0%|          | 0/48 [00:00<?, ? examples/s]
Building labels for train dataset: 100%|██████████| 48/48 [00:00<00:00, 4191.95 examples/s]

Truncating train dataset:   0%|          | 0/48 [00:00<?, ? examples/s]
Truncating train dataset: 100%|██████████| 48/48 [00:00<00:00, 3903.87 examples/s]

Dropping fully masked examples from train dataset:   0%|          | 0/48 [00:00<?, ? examples/s]
Dropping fully masked examples from train dataset: 100%|██████████| 48/48 [00:00<00:00, 7589.50 examples/s]

Tokenizing eval dataset:   0%|          | 0/5 [00:00<?, ? examples/s]
Tokenizing eval dataset: 100%|██████████| 5/5 [00:00<00:00, 539.49 examples/s]

Building labels for eval dataset:   0%|          | 0/5 [00:00<?, ? examples/s]
Building labels for eval dataset: 100%|██████████| 5/5 [00:00<00:00, 1129.02 examples/s]

Truncating eval dataset:   0%|          | 0/5 [00:00<?, ? examples/s]
Truncating eval dataset: 100%|██████████| 5/5 [00:00<00:00, 1112.61 examples/s]

Dropping fully masked examples from eval dataset:   0%|          | 0/5 [00:00<?, ? examples/s]
Dropping fully masked examples from eval dataset: 100%|██████████| 5/5 [00:00<00:00, 2021.74 examples/s]
trainable params: 18,464,768 || all params: 1,562,179,072 || trainable%: 1.1820
[sft] 48 mẫu train, 5 val, ~20 bước. Resume từ: None
[transformers] The tokenizer has new PAD/BOS/EOS tokens that differ from the model config and generation config. The model config and generation config were aligned accordingly, being updated with the tokenizer's values. Updated tokens: {'bos_token_id': None}.

  0%|          | 0/20 [00:00<?, ?it/s]
                                      
{'loss': '0.9842', 'grad_norm': '1.041', 'learning_rate': '0.0001245', 'entropy': '0.826', 'num_tokens': '7380', 'mean_token_accuracy': '0.7854', 'epoch': '1.667'}

 50%|█████     | 10/20 [00:11<00:11,  1.14s/it]

  0%|          | 0/1 [00:00<?, ?it/s][A
                                               

                                     
[A{'eval_loss': '1.11', 'eval_runtime': '0.3926', 'eval_samples_per_second': '12.74', 'eval_steps_per_second': '2.547', 'eval_entropy': '0.8044', 'eval_num_tokens': '7380', 'eval_mean_token_accuracy': '0.697', 'epoch': '1.667'}

 50%|█████     | 10/20 [00:11<00:11,  1.18s/it]

100%|██████████| 1/1 [00:00<00:00, 656.90it/s][A

                                              [A
 65%|██████▌   | 13/20 [00:15<00:08,  1.17s/it]
                                               
{'loss': '0.5344', 'grad_norm': '1.064', 'learning_rate': '1.364e-06', 'entropy': '0.8155', 'num_tokens': '1.44e+04', 'mean_token_accuracy': '0.8834', 'epoch': '3.333'}

100%|██████████| 20/20 [00:21<00:00,  1.17s/it]

  0%|          | 0/1 [00:00<?, ?it/s][A
                                               

                                     
[A{'eval_loss': '1.186', 'eval_runtime': '0.4009', 'eval_samples_per_second': '12.47', 'eval_steps_per_second': '2.494', 'eval_entropy': '0.7322', 'eval_num_tokens': '1.44e+04', 'eval_mean_token_accuracy': '0.7045', 'epoch': '3.333'}

100%|██████████| 20/20 [00:21<00:00,  1.17s/it]

100%|██████████| 1/1 [00:00<00:00, 807.37it/s][A

                                              [A
                                               
{'train_runtime': '22.33', 'train_samples_per_second': '7.164', 'train_steps_per_second': '0.896', 'train_loss': '0.7593', 'epoch': '3.333'}

100%|██████████| 20/20 [00:22<00:00,  1.17s/it]
100%|██████████| 20/20 [00:22<00:00,  1.12s/it]
[sft] Xong. Adapter: /kaggle/working/vishell/checkpoints/smoke/sft_qwen25coder15b_lora/final
